------------------------------------------------------------
Timing Analyzer Summary
------------------------------------------------------------

Type  : Slow 1200mV 85C Model Setup 'clk'
Slack : -4.809
TNS   : -260.886

Type  : Slow 1200mV 85C Model Setup 'debounce:u1|key_sec[0]'
Slack : 0.012
TNS   : 0.000

Type  : Slow 1200mV 85C Model Setup 'breath_led_and_led_test:B1|seg_scan:u2|div_count[10]'
Slack : 0.114
TNS   : 0.000

Type  : Slow 1200mV 85C Model Hold 'clk'
Slack : 0.432
TNS   : 0.000

Type  : Slow 1200mV 85C Model Hold 'debounce:u1|key_sec[0]'
Slack : 0.453
TNS   : 0.000

Type  : Slow 1200mV 85C Model Hold 'breath_led_and_led_test:B1|seg_scan:u2|div_count[10]'
Slack : 0.497
TNS   : 0.000

Type  : Slow 1200mV 85C Model Minimum Pulse Width 'clk'
Slack : -3.000
TNS   : -132.369

Type  : Slow 1200mV 85C Model Minimum Pulse Width 'debounce:u1|key_sec[0]'
Slack : -1.487
TNS   : -2.974

Type  : Slow 1200mV 85C Model Minimum Pulse Width 'breath_led_and_led_test:B1|seg_scan:u2|div_count[10]'
Slack : -1.487
TNS   : -1.487

Type  : Slow 1200mV 0C Model Setup 'clk'
Slack : -4.483
TNS   : -238.309

Type  : Slow 1200mV 0C Model Setup 'debounce:u1|key_sec[0]'
Slack : 0.111
TNS   : 0.000

Type  : Slow 1200mV 0C Model Setup 'breath_led_and_led_test:B1|seg_scan:u2|div_count[10]'
Slack : 0.208
TNS   : 0.000

Type  : Slow 1200mV 0C Model Hold 'clk'
Slack : 0.382
TNS   : 0.000

Type  : Slow 1200mV 0C Model Hold 'debounce:u1|key_sec[0]'
Slack : 0.401
TNS   : 0.000

Type  : Slow 1200mV 0C Model Hold 'breath_led_and_led_test:B1|seg_scan:u2|div_count[10]'
Slack : 0.445
TNS   : 0.000

Type  : Slow 1200mV 0C Model Minimum Pulse Width 'clk'
Slack : -3.000
TNS   : -132.369

Type  : Slow 1200mV 0C Model Minimum Pulse Width 'debounce:u1|key_sec[0]'
Slack : -1.487
TNS   : -2.974

Type  : Slow 1200mV 0C Model Minimum Pulse Width 'breath_led_and_led_test:B1|seg_scan:u2|div_count[10]'
Slack : -1.487
TNS   : -1.487

Type  : Fast 1200mV 0C Model Setup 'clk'
Slack : -1.436
TNS   : -62.399

Type  : Fast 1200mV 0C Model Setup 'debounce:u1|key_sec[0]'
Slack : 0.566
TNS   : 0.000

Type  : Fast 1200mV 0C Model Setup 'breath_led_and_led_test:B1|seg_scan:u2|div_count[10]'
Slack : 0.626
TNS   : 0.000

Type  : Fast 1200mV 0C Model Hold 'clk'
Slack : 0.150
TNS   : 0.000

Type  : Fast 1200mV 0C Model Hold 'debounce:u1|key_sec[0]'
Slack : 0.187
TNS   : 0.000

Type  : Fast 1200mV 0C Model Hold 'breath_led_and_led_test:B1|seg_scan:u2|div_count[10]'
Slack : 0.208
TNS   : 0.000

Type  : Fast 1200mV 0C Model Minimum Pulse Width 'clk'
Slack : -3.000
TNS   : -95.825

Type  : Fast 1200mV 0C Model Minimum Pulse Width 'debounce:u1|key_sec[0]'
Slack : -1.000
TNS   : -2.000

Type  : Fast 1200mV 0C Model Minimum Pulse Width 'breath_led_and_led_test:B1|seg_scan:u2|div_count[10]'
Slack : -1.000
TNS   : -1.000

------------------------------------------------------------
