Analysis & Synthesis report for decode_lattice_test
Fri Nov 30 10:49:16 2018
Quartus II 64-Bit Version 15.0.0 Build 145 04/22/2015 SJ Web Edition


---------------------
; Table of Contents ;
---------------------
  1. Legal Notice
  2. Analysis & Synthesis Summary
  3. Analysis & Synthesis Settings
  4. Parallel Compilation
  5. Analysis & Synthesis Source Files Read
  6. Analysis & Synthesis Resource Usage Summary
  7. Analysis & Synthesis Resource Utilization by Entity
  8. Registers Removed During Synthesis
  9. General Register Statistics
 10. Multiplexer Restructuring Statistics (Restructuring Performed)
 11. Parameter Settings for User Entity Instance: frequency_divider:u_clk_6
 12. Parameter Settings for User Entity Instance: decode_lattice:u1|frequency_divider:u1
 13. Port Connectivity Checks: "decode_lattice:u1"
 14. Analysis & Synthesis Messages



----------------
; Legal Notice ;
----------------
Copyright (C) 1991-2015 Altera Corporation. All rights reserved.
Your use of Altera Corporation's design tools, logic functions 
and other software and tools, and its AMPP partner logic 
functions, and any output files from any of the foregoing 
(including device programming or simulation files), and any 
associated documentation or information are expressly subject 
to the terms and conditions of the Altera Program License 
Subscription Agreement, the Altera Quartus II License Agreement,
the Altera MegaCore Function License Agreement, or other 
applicable license agreement, including, without limitation, 
that your use is for the sole purpose of programming logic 
devices manufactured by Altera and sold by Altera or its 
authorized distributors.  Please refer to the applicable 
agreement for further details.



+--------------------------------------------------------------------------+
; Analysis & Synthesis Summary                                             ;
+-----------------------------+--------------------------------------------+
; Analysis & Synthesis Status ; Successful - Fri Nov 30 10:49:16 2018      ;
; Quartus II 64-Bit Version   ; 15.0.0 Build 145 04/22/2015 SJ Web Edition ;
; Revision Name               ; decode_lattice_test                        ;
; Top-level Entity Name       ; decode_lattice_test                        ;
; Family                      ; MAX II                                     ;
; Total logic elements        ; 205                                        ;
; Total pins                  ; 18                                         ;
; Total virtual pins          ; 0                                          ;
; UFM blocks                  ; 0 / 1 ( 0 % )                              ;
+-----------------------------+--------------------------------------------+


+------------------------------------------------------------------------------------------------------------------------+
; Analysis & Synthesis Settings                                                                                          ;
+----------------------------------------------------------------------------+---------------------+---------------------+
; Option                                                                     ; Setting             ; Default Value       ;
+----------------------------------------------------------------------------+---------------------+---------------------+
; Device                                                                     ; EPM1270T144C5       ;                     ;
; Top-level entity name                                                      ; decode_lattice_test ; decode_lattice_test ;
; Family name                                                                ; MAX II              ; Cyclone V           ;
; Use smart compilation                                                      ; Off                 ; Off                 ;
; Enable parallel Assembler and TimeQuest Timing Analyzer during compilation ; On                  ; On                  ;
; Enable compact report table                                                ; Off                 ; Off                 ;
; Restructure Multiplexers                                                   ; Auto                ; Auto                ;
; Create Debugging Nodes for IP Cores                                        ; Off                 ; Off                 ;
; Preserve fewer node names                                                  ; On                  ; On                  ;
; Disable OpenCore Plus hardware evaluation                                  ; Off                 ; Off                 ;
; Verilog Version                                                            ; Verilog_2001        ; Verilog_2001        ;
; VHDL Version                                                               ; VHDL_1993           ; VHDL_1993           ;
; State Machine Processing                                                   ; Auto                ; Auto                ;
; Safe State Machine                                                         ; Off                 ; Off                 ;
; Extract Verilog State Machines                                             ; On                  ; On                  ;
; Extract VHDL State Machines                                                ; On                  ; On                  ;
; Ignore Verilog initial constructs                                          ; Off                 ; Off                 ;
; Iteration limit for constant Verilog loops                                 ; 5000                ; 5000                ;
; Iteration limit for non-constant Verilog loops                             ; 250                 ; 250                 ;
; Add Pass-Through Logic to Inferred RAMs                                    ; On                  ; On                  ;
; Infer RAMs from Raw Logic                                                  ; On                  ; On                  ;
; Parallel Synthesis                                                         ; On                  ; On                  ;
; NOT Gate Push-Back                                                         ; On                  ; On                  ;
; Power-Up Don't Care                                                        ; On                  ; On                  ;
; Remove Redundant Logic Cells                                               ; Off                 ; Off                 ;
; Remove Duplicate Registers                                                 ; On                  ; On                  ;
; Ignore CARRY Buffers                                                       ; Off                 ; Off                 ;
; Ignore CASCADE Buffers                                                     ; Off                 ; Off                 ;
; Ignore GLOBAL Buffers                                                      ; Off                 ; Off                 ;
; Ignore ROW GLOBAL Buffers                                                  ; Off                 ; Off                 ;
; Ignore LCELL Buffers                                                       ; Off                 ; Off                 ;
; Ignore SOFT Buffers                                                        ; On                  ; On                  ;
; Limit AHDL Integers to 32 Bits                                             ; Off                 ; Off                 ;
; Optimization Technique                                                     ; Balanced            ; Balanced            ;
; Carry Chain Length                                                         ; 70                  ; 70                  ;
; Auto Carry Chains                                                          ; On                  ; On                  ;
; Auto Open-Drain Pins                                                       ; On                  ; On                  ;
; Perform WYSIWYG Primitive Resynthesis                                      ; Off                 ; Off                 ;
; Auto Shift Register Replacement                                            ; Auto                ; Auto                ;
; Allow Shift Register Merging across Hierarchies                            ; Auto                ; Auto                ;
; Auto Clock Enable Replacement                                              ; On                  ; On                  ;
; Allow Synchronous Control Signals                                          ; On                  ; On                  ;
; Force Use of Synchronous Clear Signals                                     ; Off                 ; Off                 ;
; Auto Resource Sharing                                                      ; Off                 ; Off                 ;
; Use LogicLock Constraints during Resource Balancing                        ; On                  ; On                  ;
; Ignore translate_off and synthesis_off directives                          ; Off                 ; Off                 ;
; Report Parameter Settings                                                  ; On                  ; On                  ;
; Report Source Assignments                                                  ; On                  ; On                  ;
; Report Connectivity Checks                                                 ; On                  ; On                  ;
; Ignore Maximum Fan-Out Assignments                                         ; Off                 ; Off                 ;
; Synchronization Register Chain Length                                      ; 2                   ; 2                   ;
; PowerPlay Power Optimization During Synthesis                              ; Normal compilation  ; Normal compilation  ;
; HDL message level                                                          ; Level2              ; Level2              ;
; Suppress Register Optimization Related Messages                            ; Off                 ; Off                 ;
; Number of Removed Registers Reported in Synthesis Report                   ; 5000                ; 5000                ;
; Number of Swept Nodes Reported in Synthesis Report                         ; 5000                ; 5000                ;
; Number of Inverted Registers Reported in Synthesis Report                  ; 100                 ; 100                 ;
; Clock MUX Protection                                                       ; On                  ; On                  ;
; Block Design Naming                                                        ; Auto                ; Auto                ;
; Synthesis Effort                                                           ; Auto                ; Auto                ;
; Shift Register Replacement - Allow Asynchronous Clear Signal               ; On                  ; On                  ;
; Analysis & Synthesis Message Level                                         ; Medium              ; Medium              ;
; Disable Register Merging Across Hierarchies                                ; Auto                ; Auto                ;
; Synthesis Seed                                                             ; 1                   ; 1                   ;
+----------------------------------------------------------------------------+---------------------+---------------------+


+------------------------------------------+
; Parallel Compilation                     ;
+----------------------------+-------------+
; Processors                 ; Number      ;
+----------------------------+-------------+
; Number detected on machine ; 8           ;
; Maximum allowed            ; 4           ;
;                            ;             ;
; Average used               ; 1.00        ;
; Maximum used               ; 1           ;
;                            ;             ;
; Usage by Processor         ; % Time Used ;
;     Processor 1            ; 100.0%      ;
;     Processors 2-8         ;   0.0%      ;
+----------------------------+-------------+


+---------------------------------------------------------------------------------------------------------------------------------------------------------------+
; Analysis & Synthesis Source Files Read                                                                                                                        ;
+----------------------------------+-----------------+------------------------+-----------------------------------------------------------------------+---------+
; File Name with User-Entered Path ; Used in Netlist ; File Type              ; File Name with Absolute Path                                          ; Library ;
+----------------------------------+-----------------+------------------------+-----------------------------------------------------------------------+---------+
; decode_lattice_test.v            ; yes             ; User Verilog HDL File  ; E:/prime_for_FPGA/Lite/demo/decode_lattice_test/decode_lattice_test.v ;         ;
+----------------------------------+-----------------+------------------------+-----------------------------------------------------------------------+---------+


+-----------------------------------------------------+
; Analysis & Synthesis Resource Usage Summary         ;
+---------------------------------------------+-------+
; Resource                                    ; Usage ;
+---------------------------------------------+-------+
; Total logic elements                        ; 205   ;
;     -- Combinational with no register       ; 103   ;
;     -- Register only                        ; 37    ;
;     -- Combinational with a register        ; 65    ;
;                                             ;       ;
; Logic element usage by number of LUT inputs ;       ;
;     -- 4 input functions                    ; 40    ;
;     -- 3 input functions                    ; 27    ;
;     -- 2 input functions                    ; 99    ;
;     -- 1 input functions                    ; 2     ;
;     -- 0 input functions                    ; 0     ;
;                                             ;       ;
; Logic elements by mode                      ;       ;
;     -- normal mode                          ; 151   ;
;     -- arithmetic mode                      ; 54    ;
;     -- qfbk mode                            ; 0     ;
;     -- register cascade mode                ; 0     ;
;     -- synchronous clear/load mode          ; 17    ;
;     -- asynchronous clear/load mode         ; 3     ;
;                                             ;       ;
; Total registers                             ; 102   ;
; Total logic cells in carry chains           ; 56    ;
; I/O pins                                    ; 18    ;
; Maximum fan-out node                        ; clk   ;
; Maximum fan-out                             ; 58    ;
; Total fan-out                               ; 638   ;
; Average fan-out                             ; 2.86  ;
+---------------------------------------------+-------+


+------------------------------------------------------------------------------------------------------------------------------------------------------------------------------------------------------------------------------------------------------------------+
; Analysis & Synthesis Resource Utilization by Entity                                                                                                                                                                                                              ;
+--------------------------------+-------------+--------------+------------+------+--------------+--------------+-------------------+------------------+-----------------+------------+-------------------------------------------------------------+--------------+
; Compilation Hierarchy Node     ; Logic Cells ; LC Registers ; UFM Blocks ; Pins ; Virtual Pins ; LUT-Only LCs ; Register-Only LCs ; LUT/Register LCs ; Carry Chain LCs ; Packed LCs ; Full Hierarchy Name                                         ; Library Name ;
+--------------------------------+-------------+--------------+------------+------+--------------+--------------+-------------------+------------------+-----------------+------------+-------------------------------------------------------------+--------------+
; |decode_lattice_test           ; 205 (3)     ; 102          ; 0          ; 18   ; 0            ; 103 (0)      ; 37 (0)            ; 65 (3)           ; 56 (0)          ; 0 (0)      ; |decode_lattice_test                                        ; work         ;
;    |decode_lattice:u1|         ; 136 (70)    ; 70           ; 0          ; 0    ; 0            ; 66 (29)      ; 22 (1)            ; 48 (40)          ; 28 (0)          ; 0 (0)      ; |decode_lattice_test|decode_lattice:u1                      ; work         ;
;       |frequency_divider:u1|   ; 66 (66)     ; 29           ; 0          ; 0    ; 0            ; 37 (37)      ; 21 (21)           ; 8 (8)            ; 28 (28)         ; 0 (0)      ; |decode_lattice_test|decode_lattice:u1|frequency_divider:u1 ; work         ;
;    |frequency_divider:u_clk_6| ; 66 (66)     ; 29           ; 0          ; 0    ; 0            ; 37 (37)      ; 15 (15)           ; 14 (14)          ; 28 (28)         ; 0 (0)      ; |decode_lattice_test|frequency_divider:u_clk_6              ; work         ;
+--------------------------------+-------------+--------------+------------+------+--------------+--------------+-------------------+------------------+-----------------+------------+-------------------------------------------------------------+--------------+
Note: For table entries with two numbers listed, the numbers in parentheses indicate the number of resources of the given type used by the specific entity alone. The numbers listed outside of parentheses indicate the total resources of the given type used by the specific entity and all of its sub-entities in the hierarchy.


+--------------------------------------------------------------------------------------+
; Registers Removed During Synthesis                                                   ;
+-----------------------------------------+--------------------------------------------+
; Register name                           ; Reason for Removal                         ;
+-----------------------------------------+--------------------------------------------+
; decode_lattice:u1|col_temp[31]          ; Stuck at GND due to stuck port data_in     ;
; decode_lattice:u1|col_temp[48,51,54]    ; Stuck at VCC due to stuck port data_in     ;
; decode_lattice:u1|col_temp[57]          ; Stuck at GND due to stuck port data_in     ;
; decode_lattice:u1|col_temp[8,11,56]     ; Merged with decode_lattice:u1|col_temp[0]  ;
; decode_lattice:u1|col_temp[32,40,62]    ; Merged with decode_lattice:u1|col_temp[24] ;
; decode_lattice:u1|col_temp[49,50,52]    ; Merged with decode_lattice:u1|col_temp[44] ;
; decode_lattice:u1|col_temp[29,41,42,45] ; Merged with decode_lattice:u1|col_temp[12] ;
; decode_lattice:u1|col_temp[5,33]        ; Merged with decode_lattice:u1|col_temp[20] ;
; decode_lattice:u1|col_temp[26]          ; Merged with decode_lattice:u1|col_temp[25] ;
; decode_lattice:u1|col_temp[1]           ; Merged with decode_lattice:u1|col_temp[17] ;
; decode_lattice:u1|col_temp[9,60]        ; Merged with decode_lattice:u1|col_temp[4]  ;
; decode_lattice:u1|col_temp[58]          ; Merged with decode_lattice:u1|col_temp[13] ;
; decode_lattice:u1|col_temp[36]          ; Merged with decode_lattice:u1|col_temp[34] ;
; decode_lattice:u1|col_temp[53,55]       ; Merged with decode_lattice:u1|col_temp[18] ;
; decode_lattice:u1|col_temp[23,39,61]    ; Merged with decode_lattice:u1|col_temp[10] ;
; decode_lattice:u1|col_temp[2,6,37]      ; Merged with decode_lattice:u1|col_temp[21] ;
; decode_lattice:u1|col_temp[59]          ; Merged with decode_lattice:u1|col_temp[19] ;
; decode_lattice:u1|col_temp[46]          ; Merged with decode_lattice:u1|col_temp[27] ;
; decode_lattice:u1|col_temp[38]          ; Merged with decode_lattice:u1|col_temp[14] ;
; decode_lattice:u1|col_temp[7]           ; Merged with decode_lattice:u1|col_temp[30] ;
; decode_lattice:u1|col_temp[63]          ; Merged with decode_lattice:u1|col_temp[47] ;
; decode_lattice:u1|col_temp[44]          ; Merged with decode_lattice:u1|col_temp[0]  ;
; decode_lattice:u1|col_temp[15]          ; Merged with decode_lattice:u1|col_temp[3]  ;
; decode_lattice:u1|col_temp[43]          ; Merged with decode_lattice:u1|col_temp[13] ;
; Total Number of Removed Registers = 42  ;                                            ;
+-----------------------------------------+--------------------------------------------+


+------------------------------------------------------+
; General Register Statistics                          ;
+----------------------------------------------+-------+
; Statistic                                    ; Value ;
+----------------------------------------------+-------+
; Total registers                              ; 102   ;
; Number of registers using Synchronous Clear  ; 9     ;
; Number of registers using Synchronous Load   ; 8     ;
; Number of registers using Asynchronous Clear ; 3     ;
; Number of registers using Asynchronous Load  ; 0     ;
; Number of registers using Clock Enable       ; 22    ;
; Number of registers using Preset             ; 0     ;
+----------------------------------------------+-------+


+------------------------------------------------------------------------------------------------------------------------------------------------------------------+
; Multiplexer Restructuring Statistics (Restructuring Performed)                                                                                                   ;
+--------------------+-----------+---------------+----------------------+------------------------+------------+----------------------------------------------------+
; Multiplexer Inputs ; Bus Width ; Baseline Area ; Area if Restructured ; Saving if Restructured ; Registered ; Example Multiplexer Output                         ;
+--------------------+-----------+---------------+----------------------+------------------------+------------+----------------------------------------------------+
; 8:1                ; 25 bits   ; 125 LEs       ; 75 LEs               ; 50 LEs                 ; Yes        ; |decode_lattice_test|decode_lattice:u1|col_temp[0] ;
+--------------------+-----------+---------------+----------------------+------------------------+------------+----------------------------------------------------+


+------------------------------------------------------------------------+
; Parameter Settings for User Entity Instance: frequency_divider:u_clk_6 ;
+----------------+----------+--------------------------------------------+
; Parameter Name ; Value    ; Type                                       ;
+----------------+----------+--------------------------------------------+
; N              ; 12500000 ; Signed Integer                             ;
+----------------+----------+--------------------------------------------+
Note: In order to hide this table in the UI and the text report file, please set the "Show Parameter Settings in Synthesis Report" option in "Analysis and Synthesis Settings -> More Settings" to "Off".


+-------------------------------------------------------------------------------------+
; Parameter Settings for User Entity Instance: decode_lattice:u1|frequency_divider:u1 ;
+----------------+-------+------------------------------------------------------------+
; Parameter Name ; Value ; Type                                                       ;
+----------------+-------+------------------------------------------------------------+
; N              ; 50000 ; Signed Integer                                             ;
+----------------+-------+------------------------------------------------------------+
Note: In order to hide this table in the UI and the text report file, please set the "Show Parameter Settings in Synthesis Report" option in "Analysis and Synthesis Settings -> More Settings" to "Off".


+------------------------------------------------------------------------------------------------------------------------------------------------------------------------+
; Port Connectivity Checks: "decode_lattice:u1"                                                                                                                          ;
+------+-------+----------+----------------------------------------------------------------------------------------------------------------------------------------------+
; Port ; Type  ; Severity ; Details                                                                                                                                      ;
+------+-------+----------+----------------------------------------------------------------------------------------------------------------------------------------------+
; code ; Input ; Warning  ; Input port expression (3 bits) is smaller than the input port (4 bits) it drives.  Extra input bit(s) "code[3..3]" will be connected to GND. ;
+------+-------+----------+----------------------------------------------------------------------------------------------------------------------------------------------+


+-------------------------------+
; Analysis & Synthesis Messages ;
+-------------------------------+
Info: *******************************************************************
Info: Running Quartus II 64-Bit Analysis & Synthesis
    Info: Version 15.0.0 Build 145 04/22/2015 SJ Web Edition
    Info: Processing started: Fri Nov 30 10:49:04 2018
Info: Command: quartus_map --read_settings_files=on --write_settings_files=off decode_lattice_test -c decode_lattice_test
Info (11104): Parallel Compilation has detected 8 hyper-threaded processors. However, the extra hyper-threaded processors will not be used by default. Parallel Compilation will use 4 of the 4 physical processors detected instead.
Info (12021): Found 3 design units, including 3 entities, in source file decode_lattice_test.v
    Info (12023): Found entity 1: decode_lattice_test
    Info (12023): Found entity 2: decode_lattice
    Info (12023): Found entity 3: frequency_divider
Info (12127): Elaborating entity "decode_lattice_test" for the top level hierarchy
Info (12128): Elaborating entity "frequency_divider" for hierarchy "frequency_divider:u_clk_6"
Warning (10230): Verilog HDL assignment warning at decode_lattice_test.v(142): truncated value with size 32 to match size of target (28)
Info (12128): Elaborating entity "decode_lattice" for hierarchy "decode_lattice:u1"
Warning (10230): Verilog HDL assignment warning at decode_lattice_test.v(72): truncated value with size 32 to match size of target (3)
Info (12128): Elaborating entity "frequency_divider" for hierarchy "decode_lattice:u1|frequency_divider:u1"
Warning (10230): Verilog HDL assignment warning at decode_lattice_test.v(142): truncated value with size 32 to match size of target (28)
Warning (12241): 1 hierarchies have connectivity warnings - see the Connectivity Checks report folder
Info (21057): Implemented 223 device resources after synthesis - the final resource count might be different
    Info (21058): Implemented 2 input pins
    Info (21059): Implemented 16 output pins
    Info (21061): Implemented 205 logic cells
Info: Quartus II 64-Bit Analysis & Synthesis was successful. 0 errors, 4 warnings
    Info: Peak virtual memory: 4810 megabytes
    Info: Processing ended: Fri Nov 30 10:49:16 2018
    Info: Elapsed time: 00:00:12
    Info: Total CPU time (on all processors): 00:00:25


