Analysis & Synthesis report for selecting_machine_test
Fri Dec 07 09:59:22 2018
Quartus II 64-Bit Version 15.0.0 Build 145 04/22/2015 SJ Web Edition


---------------------
; Table of Contents ;
---------------------
  1. Legal Notice
  2. Analysis & Synthesis Summary
  3. Analysis & Synthesis Settings
  4. Parallel Compilation
  5. Analysis & Synthesis Source Files Read
  6. Analysis & Synthesis Resource Usage Summary
  7. Analysis & Synthesis Resource Utilization by Entity
  8. Registers Removed During Synthesis
  9. General Register Statistics
 10. Inverted Register Statistics
 11. Multiplexer Restructuring Statistics (Restructuring Performed)
 12. Parameter Settings for User Entity Instance: debounce:u_debounce
 13. Parameter Settings for User Entity Instance: frequency_divider:u_clk_500
 14. Parameter Settings for User Entity Instance: frequency_divider:u_clk_6
 15. Parameter Settings for User Entity Instance: frequency_divider:u_clk_5
 16. Parameter Settings for User Entity Instance: frequency_divider:u_clk_4
 17. Parameter Settings for User Entity Instance: frequency_divider:u_clk_3
 18. Parameter Settings for User Entity Instance: frequency_divider:u_clk_2
 19. Parameter Settings for User Entity Instance: frequency_divider:u_clk_1
 20. Parameter Settings for User Entity Instance: frequency_divider:u_clk_0
 21. Analysis & Synthesis Messages



----------------
; Legal Notice ;
----------------
Copyright (C) 1991-2015 Altera Corporation. All rights reserved.
Your use of Altera Corporation's design tools, logic functions 
and other software and tools, and its AMPP partner logic 
functions, and any output files from any of the foregoing 
(including device programming or simulation files), and any 
associated documentation or information are expressly subject 
to the terms and conditions of the Altera Program License 
Subscription Agreement, the Altera Quartus II License Agreement,
the Altera MegaCore Function License Agreement, or other 
applicable license agreement, including, without limitation, 
that your use is for the sole purpose of programming logic 
devices manufactured by Altera and sold by Altera or its 
authorized distributors.  Please refer to the applicable 
agreement for further details.



+--------------------------------------------------------------------------+
; Analysis & Synthesis Summary                                             ;
+-----------------------------+--------------------------------------------+
; Analysis & Synthesis Status ; Successful - Fri Dec 07 09:59:22 2018      ;
; Quartus II 64-Bit Version   ; 15.0.0 Build 145 04/22/2015 SJ Web Edition ;
; Revision Name               ; selecting_machine_test                     ;
; Top-level Entity Name       ; selecting_machine_test                     ;
; Family                      ; MAX II                                     ;
; Total logic elements        ; 726                                        ;
; Total pins                  ; 41                                         ;
; Total virtual pins          ; 0                                          ;
; UFM blocks                  ; 0 / 1 ( 0 % )                              ;
+-----------------------------+--------------------------------------------+


+------------------------------------------------------------------------------------------------------------------------------+
; Analysis & Synthesis Settings                                                                                                ;
+----------------------------------------------------------------------------+------------------------+------------------------+
; Option                                                                     ; Setting                ; Default Value          ;
+----------------------------------------------------------------------------+------------------------+------------------------+
; Device                                                                     ; EPM1270T144C5          ;                        ;
; Top-level entity name                                                      ; selecting_machine_test ; selecting_machine_test ;
; Family name                                                                ; MAX II                 ; Cyclone V              ;
; Use smart compilation                                                      ; Off                    ; Off                    ;
; Enable parallel Assembler and TimeQuest Timing Analyzer during compilation ; On                     ; On                     ;
; Enable compact report table                                                ; Off                    ; Off                    ;
; Restructure Multiplexers                                                   ; Auto                   ; Auto                   ;
; Create Debugging Nodes for IP Cores                                        ; Off                    ; Off                    ;
; Preserve fewer node names                                                  ; On                     ; On                     ;
; Disable OpenCore Plus hardware evaluation                                  ; Off                    ; Off                    ;
; Verilog Version                                                            ; Verilog_2001           ; Verilog_2001           ;
; VHDL Version                                                               ; VHDL_1993              ; VHDL_1993              ;
; State Machine Processing                                                   ; Auto                   ; Auto                   ;
; Safe State Machine                                                         ; Off                    ; Off                    ;
; Extract Verilog State Machines                                             ; On                     ; On                     ;
; Extract VHDL State Machines                                                ; On                     ; On                     ;
; Ignore Verilog initial constructs                                          ; Off                    ; Off                    ;
; Iteration limit for constant Verilog loops                                 ; 5000                   ; 5000                   ;
; Iteration limit for non-constant Verilog loops                             ; 250                    ; 250                    ;
; Add Pass-Through Logic to Inferred RAMs                                    ; On                     ; On                     ;
; Infer RAMs from Raw Logic                                                  ; On                     ; On                     ;
; Parallel Synthesis                                                         ; On                     ; On                     ;
; NOT Gate Push-Back                                                         ; On                     ; On                     ;
; Power-Up Don't Care                                                        ; On                     ; On                     ;
; Remove Redundant Logic Cells                                               ; Off                    ; Off                    ;
; Remove Duplicate Registers                                                 ; On                     ; On                     ;
; Ignore CARRY Buffers                                                       ; Off                    ; Off                    ;
; Ignore CASCADE Buffers                                                     ; Off                    ; Off                    ;
; Ignore GLOBAL Buffers                                                      ; Off                    ; Off                    ;
; Ignore ROW GLOBAL Buffers                                                  ; Off                    ; Off                    ;
; Ignore LCELL Buffers                                                       ; Off                    ; Off                    ;
; Ignore SOFT Buffers                                                        ; On                     ; On                     ;
; Limit AHDL Integers to 32 Bits                                             ; Off                    ; Off                    ;
; Optimization Technique                                                     ; Balanced               ; Balanced               ;
; Carry Chain Length                                                         ; 70                     ; 70                     ;
; Auto Carry Chains                                                          ; On                     ; On                     ;
; Auto Open-Drain Pins                                                       ; On                     ; On                     ;
; Perform WYSIWYG Primitive Resynthesis                                      ; Off                    ; Off                    ;
; Auto Shift Register Replacement                                            ; Auto                   ; Auto                   ;
; Allow Shift Register Merging across Hierarchies                            ; Auto                   ; Auto                   ;
; Auto Clock Enable Replacement                                              ; On                     ; On                     ;
; Allow Synchronous Control Signals                                          ; On                     ; On                     ;
; Force Use of Synchronous Clear Signals                                     ; Off                    ; Off                    ;
; Auto Resource Sharing                                                      ; Off                    ; Off                    ;
; Use LogicLock Constraints during Resource Balancing                        ; On                     ; On                     ;
; Ignore translate_off and synthesis_off directives                          ; Off                    ; Off                    ;
; Report Parameter Settings                                                  ; On                     ; On                     ;
; Report Source Assignments                                                  ; On                     ; On                     ;
; Report Connectivity Checks                                                 ; On                     ; On                     ;
; Ignore Maximum Fan-Out Assignments                                         ; Off                    ; Off                    ;
; Synchronization Register Chain Length                                      ; 2                      ; 2                      ;
; PowerPlay Power Optimization During Synthesis                              ; Normal compilation     ; Normal compilation     ;
; HDL message level                                                          ; Level2                 ; Level2                 ;
; Suppress Register Optimization Related Messages                            ; Off                    ; Off                    ;
; Number of Removed Registers Reported in Synthesis Report                   ; 5000                   ; 5000                   ;
; Number of Swept Nodes Reported in Synthesis Report                         ; 5000                   ; 5000                   ;
; Number of Inverted Registers Reported in Synthesis Report                  ; 100                    ; 100                    ;
; Clock MUX Protection                                                       ; On                     ; On                     ;
; Block Design Naming                                                        ; Auto                   ; Auto                   ;
; Synthesis Effort                                                           ; Auto                   ; Auto                   ;
; Shift Register Replacement - Allow Asynchronous Clear Signal               ; On                     ; On                     ;
; Analysis & Synthesis Message Level                                         ; Medium                 ; Medium                 ;
; Disable Register Merging Across Hierarchies                                ; Auto                   ; Auto                   ;
; Synthesis Seed                                                             ; 1                      ; 1                      ;
+----------------------------------------------------------------------------+------------------------+------------------------+


+------------------------------------------+
; Parallel Compilation                     ;
+----------------------------+-------------+
; Processors                 ; Number      ;
+----------------------------+-------------+
; Number detected on machine ; 8           ;
; Maximum allowed            ; 4           ;
;                            ;             ;
; Average used               ; 1.00        ;
; Maximum used               ; 1           ;
;                            ;             ;
; Usage by Processor         ; % Time Used ;
;     Processor 1            ; 100.0%      ;
;     Processors 2-8         ;   0.0%      ;
+----------------------------+-------------+


+---------------------------------------------------------------------------------------------------------------------------------------------------------------------+
; Analysis & Synthesis Source Files Read                                                                                                                              ;
+----------------------------------+-----------------+------------------------+-----------------------------------------------------------------------------+---------+
; File Name with User-Entered Path ; Used in Netlist ; File Type              ; File Name with Absolute Path                                                ; Library ;
+----------------------------------+-----------------+------------------------+-----------------------------------------------------------------------------+---------+
; selecting_machine_test.v         ; yes             ; User Verilog HDL File  ; E:/prime_for_FPGA/Lite/demo/selecting_machine_test/selecting_machine_test.v ;         ;
+----------------------------------+-----------------+------------------------+-----------------------------------------------------------------------------+---------+


+-----------------------------------------------------+
; Analysis & Synthesis Resource Usage Summary         ;
+---------------------------------------------+-------+
; Resource                                    ; Usage ;
+---------------------------------------------+-------+
; Total logic elements                        ; 726   ;
;     -- Combinational with no register       ; 361   ;
;     -- Register only                        ; 178   ;
;     -- Combinational with a register        ; 187   ;
;                                             ;       ;
; Logic element usage by number of LUT inputs ;       ;
;     -- 4 input functions                    ; 143   ;
;     -- 3 input functions                    ; 45    ;
;     -- 2 input functions                    ; 345   ;
;     -- 1 input functions                    ; 15    ;
;     -- 0 input functions                    ; 0     ;
;                                             ;       ;
; Logic elements by mode                      ;       ;
;     -- normal mode                          ; 493   ;
;     -- arithmetic mode                      ; 233   ;
;     -- qfbk mode                            ; 0     ;
;     -- register cascade mode                ; 0     ;
;     -- synchronous clear/load mode          ; 42    ;
;     -- asynchronous clear/load mode         ; 80    ;
;                                             ;       ;
; Total registers                             ; 365   ;
; Total logic cells in carry chains           ; 242   ;
; I/O pins                                    ; 41    ;
; Maximum fan-out node                        ; clk   ;
; Maximum fan-out                             ; 285   ;
; Total fan-out                               ; 2168  ;
; Average fan-out                             ; 2.83  ;
+---------------------------------------------+-------+


+--------------------------------------------------------------------------------------------------------------------------------------------------------------------------------------------------------------------------------------------------------------------+
; Analysis & Synthesis Resource Utilization by Entity                                                                                                                                                                                                                ;
+--------------------------------------+-------------+--------------+------------+------+--------------+--------------+-------------------+------------------+-----------------+------------+---------------------------------------------------------+--------------+
; Compilation Hierarchy Node           ; Logic Cells ; LC Registers ; UFM Blocks ; Pins ; Virtual Pins ; LUT-Only LCs ; Register-Only LCs ; LUT/Register LCs ; Carry Chain LCs ; Packed LCs ; Full Hierarchy Name                                     ; Library Name ;
+--------------------------------------+-------------+--------------+------------+------+--------------+--------------+-------------------+------------------+-----------------+------------+---------------------------------------------------------+--------------+
; |selecting_machine_test              ; 726 (0)     ; 365          ; 0          ; 41   ; 0            ; 361 (0)      ; 178 (0)           ; 187 (0)          ; 242 (0)         ; 0 (0)      ; |selecting_machine_test                                 ; work         ;
;    |debounce:u_debounce|             ; 57 (57)     ; 46           ; 0          ; 0    ; 0            ; 11 (11)      ; 28 (28)           ; 18 (18)          ; 18 (18)         ; 0 (0)      ; |selecting_machine_test|debounce:u_debounce             ; work         ;
;    |decode_lattice:u2|               ; 70 (70)     ; 41           ; 0          ; 0    ; 0            ; 29 (29)      ; 1 (1)             ; 40 (40)          ; 0 (0)           ; 0 (0)      ; |selecting_machine_test|decode_lattice:u2               ; work         ;
;    |decode_seg:u_decode_seg|         ; 28 (28)     ; 12           ; 0          ; 0    ; 0            ; 16 (16)      ; 0 (0)             ; 12 (12)          ; 0 (0)           ; 0 (0)      ; |selecting_machine_test|decode_seg:u_decode_seg         ; work         ;
;    |flag_control:u_flag|             ; 15 (15)     ; 7            ; 0          ; 0    ; 0            ; 8 (8)        ; 0 (0)             ; 7 (7)            ; 0 (0)           ; 0 (0)      ; |selecting_machine_test|flag_control:u_flag             ; work         ;
;    |frequency_divider:u_clk_0|       ; 66 (66)     ; 29           ; 0          ; 0    ; 0            ; 37 (37)      ; 19 (19)           ; 10 (10)          ; 28 (28)         ; 0 (0)      ; |selecting_machine_test|frequency_divider:u_clk_0       ; work         ;
;    |frequency_divider:u_clk_1|       ; 66 (66)     ; 29           ; 0          ; 0    ; 0            ; 37 (37)      ; 20 (20)           ; 9 (9)            ; 28 (28)         ; 0 (0)      ; |selecting_machine_test|frequency_divider:u_clk_1       ; work         ;
;    |frequency_divider:u_clk_2|       ; 66 (66)     ; 29           ; 0          ; 0    ; 0            ; 37 (37)      ; 19 (19)           ; 10 (10)          ; 28 (28)         ; 0 (0)      ; |selecting_machine_test|frequency_divider:u_clk_2       ; work         ;
;    |frequency_divider:u_clk_3|       ; 66 (66)     ; 29           ; 0          ; 0    ; 0            ; 37 (37)      ; 19 (19)           ; 10 (10)          ; 28 (28)         ; 0 (0)      ; |selecting_machine_test|frequency_divider:u_clk_3       ; work         ;
;    |frequency_divider:u_clk_4|       ; 66 (66)     ; 29           ; 0          ; 0    ; 0            ; 37 (37)      ; 17 (17)           ; 12 (12)          ; 28 (28)         ; 0 (0)      ; |selecting_machine_test|frequency_divider:u_clk_4       ; work         ;
;    |frequency_divider:u_clk_500|     ; 66 (66)     ; 29           ; 0          ; 0    ; 0            ; 37 (37)      ; 21 (21)           ; 8 (8)            ; 28 (28)         ; 0 (0)      ; |selecting_machine_test|frequency_divider:u_clk_500     ; work         ;
;    |frequency_divider:u_clk_5|       ; 66 (66)     ; 29           ; 0          ; 0    ; 0            ; 37 (37)      ; 19 (19)           ; 10 (10)          ; 28 (28)         ; 0 (0)      ; |selecting_machine_test|frequency_divider:u_clk_5       ; work         ;
;    |frequency_divider:u_clk_6|       ; 66 (66)     ; 29           ; 0          ; 0    ; 0            ; 37 (37)      ; 15 (15)           ; 14 (14)          ; 28 (28)         ; 0 (0)      ; |selecting_machine_test|frequency_divider:u_clk_6       ; work         ;
;    |sequencer_chi:u_sequencer_chi|   ; 5 (5)       ; 4            ; 0          ; 0    ; 0            ; 1 (1)        ; 0 (0)             ; 4 (4)            ; 0 (0)           ; 0 (0)      ; |selecting_machine_test|sequencer_chi:u_sequencer_chi   ; work         ;
;    |sequencer_eng:u_sequencer_eng|   ; 3 (3)       ; 3            ; 0          ; 0    ; 0            ; 0 (0)        ; 0 (0)             ; 3 (3)            ; 0 (0)           ; 0 (0)      ; |selecting_machine_test|sequencer_eng:u_sequencer_eng   ; work         ;
;    |sequencer_num:u_sequencer_num_0| ; 4 (4)       ; 4            ; 0          ; 0    ; 0            ; 0 (0)        ; 0 (0)             ; 4 (4)            ; 0 (0)           ; 0 (0)      ; |selecting_machine_test|sequencer_num:u_sequencer_num_0 ; work         ;
;    |sequencer_num:u_sequencer_num_1| ; 4 (4)       ; 4            ; 0          ; 0    ; 0            ; 0 (0)        ; 0 (0)             ; 4 (4)            ; 0 (0)           ; 0 (0)      ; |selecting_machine_test|sequencer_num:u_sequencer_num_1 ; work         ;
;    |sequencer_num:u_sequencer_num_2| ; 4 (4)       ; 4            ; 0          ; 0    ; 0            ; 0 (0)        ; 0 (0)             ; 4 (4)            ; 0 (0)           ; 0 (0)      ; |selecting_machine_test|sequencer_num:u_sequencer_num_2 ; work         ;
;    |sequencer_num:u_sequencer_num_3| ; 4 (4)       ; 4            ; 0          ; 0    ; 0            ; 0 (0)        ; 0 (0)             ; 4 (4)            ; 0 (0)           ; 0 (0)      ; |selecting_machine_test|sequencer_num:u_sequencer_num_3 ; work         ;
;    |sequencer_num:u_sequencer_num_4| ; 4 (4)       ; 4            ; 0          ; 0    ; 0            ; 0 (0)        ; 0 (0)             ; 4 (4)            ; 0 (0)           ; 0 (0)      ; |selecting_machine_test|sequencer_num:u_sequencer_num_4 ; work         ;
+--------------------------------------+-------------+--------------+------------+------+--------------+--------------+-------------------+------------------+-----------------+------------+---------------------------------------------------------+--------------+
Note: For table entries with two numbers listed, the numbers in parentheses indicate the number of resources of the given type used by the specific entity alone. The numbers listed outside of parentheses indicate the total resources of the given type used by the specific entity and all of its sub-entities in the hierarchy.


+--------------------------------------------------------------------------------------+
; Registers Removed During Synthesis                                                   ;
+-----------------------------------------+--------------------------------------------+
; Register name                           ; Reason for Removal                         ;
+-----------------------------------------+--------------------------------------------+
; decode_lattice:u2|col_temp[31]          ; Stuck at GND due to stuck port data_in     ;
; decode_lattice:u2|col_temp[48,51,54]    ; Stuck at VCC due to stuck port data_in     ;
; decode_lattice:u2|col_temp[57]          ; Stuck at GND due to stuck port data_in     ;
; decode_seg:u_decode_seg|digit_cath[6,7] ; Stuck at VCC due to stuck port data_in     ;
; decode_lattice:u2|col_temp[8,11,56]     ; Merged with decode_lattice:u2|col_temp[0]  ;
; decode_lattice:u2|col_temp[32,40,62]    ; Merged with decode_lattice:u2|col_temp[24] ;
; decode_lattice:u2|col_temp[49,50,52]    ; Merged with decode_lattice:u2|col_temp[44] ;
; decode_lattice:u2|col_temp[5,33]        ; Merged with decode_lattice:u2|col_temp[20] ;
; decode_lattice:u2|col_temp[29,41,42,45] ; Merged with decode_lattice:u2|col_temp[12] ;
; decode_lattice:u2|col_temp[26]          ; Merged with decode_lattice:u2|col_temp[25] ;
; decode_lattice:u2|col_temp[1]           ; Merged with decode_lattice:u2|col_temp[17] ;
; decode_lattice:u2|col_temp[9,60]        ; Merged with decode_lattice:u2|col_temp[4]  ;
; decode_lattice:u2|col_temp[58]          ; Merged with decode_lattice:u2|col_temp[13] ;
; decode_lattice:u2|col_temp[36]          ; Merged with decode_lattice:u2|col_temp[34] ;
; decode_lattice:u2|col_temp[53,55]       ; Merged with decode_lattice:u2|col_temp[18] ;
; decode_lattice:u2|col_temp[23,39,61]    ; Merged with decode_lattice:u2|col_temp[10] ;
; decode_lattice:u2|col_temp[2,6,37]      ; Merged with decode_lattice:u2|col_temp[21] ;
; decode_lattice:u2|col_temp[59]          ; Merged with decode_lattice:u2|col_temp[19] ;
; decode_lattice:u2|col_temp[46]          ; Merged with decode_lattice:u2|col_temp[27] ;
; decode_lattice:u2|col_temp[38]          ; Merged with decode_lattice:u2|col_temp[14] ;
; decode_lattice:u2|col_temp[7]           ; Merged with decode_lattice:u2|col_temp[30] ;
; decode_lattice:u2|col_temp[63]          ; Merged with decode_lattice:u2|col_temp[47] ;
; decode_lattice:u2|col_temp[44]          ; Merged with decode_lattice:u2|col_temp[0]  ;
; decode_seg:u_decode_seg|cath_control[0] ; Merged with decode_lattice:u2|cnt[0]       ;
; decode_lattice:u2|col_temp[15]          ; Merged with decode_lattice:u2|col_temp[3]  ;
; decode_lattice:u2|col_temp[43]          ; Merged with decode_lattice:u2|col_temp[13] ;
; sequencer_eng:u_sequencer_eng|code[3]   ; Stuck at VCC due to stuck port data_in     ;
; Total Number of Removed Registers = 46  ;                                            ;
+-----------------------------------------+--------------------------------------------+


+------------------------------------------------------+
; General Register Statistics                          ;
+----------------------------------------------+-------+
; Statistic                                    ; Value ;
+----------------------------------------------+-------+
; Total registers                              ; 365   ;
; Number of registers using Synchronous Clear  ; 30    ;
; Number of registers using Synchronous Load   ; 12    ;
; Number of registers using Asynchronous Clear ; 80    ;
; Number of registers using Asynchronous Load  ; 0     ;
; Number of registers using Clock Enable       ; 58    ;
; Number of registers using Preset             ; 0     ;
+----------------------------------------------+-------+


+---------------------------------------------------+
; Inverted Register Statistics                      ;
+-----------------------------------------+---------+
; Inverted Register                       ; Fan out ;
+-----------------------------------------+---------+
; sequencer_eng:u_sequencer_eng|code[1]   ; 3       ;
; flag_control:u_flag|flag[4]             ; 6       ;
; flag_control:u_flag|flag[5]             ; 5       ;
; flag_control:u_flag|flag[2]             ; 6       ;
; flag_control:u_flag|flag[1]             ; 6       ;
; flag_control:u_flag|flag[0]             ; 5       ;
; flag_control:u_flag|flag[3]             ; 6       ;
; flag_control:u_flag|flag[6]             ; 6       ;
; debounce:u_debounce|key_sec_pre[6]      ; 3       ;
; debounce:u_debounce|key_sec[6]          ; 4       ;
; debounce:u_debounce|key_sec[5]          ; 2       ;
; debounce:u_debounce|key_sec_pre[5]      ; 1       ;
; debounce:u_debounce|key_sec[4]          ; 2       ;
; debounce:u_debounce|key_sec_pre[4]      ; 1       ;
; debounce:u_debounce|key_sec[3]          ; 2       ;
; debounce:u_debounce|key_sec_pre[3]      ; 1       ;
; debounce:u_debounce|key_sec[2]          ; 2       ;
; debounce:u_debounce|key_sec_pre[2]      ; 1       ;
; debounce:u_debounce|key_sec[1]          ; 2       ;
; debounce:u_debounce|key_sec_pre[1]      ; 1       ;
; debounce:u_debounce|key_sec[0]          ; 2       ;
; debounce:u_debounce|key_sec_pre[0]      ; 1       ;
; debounce:u_debounce|key_rst[0]          ; 2       ;
; debounce:u_debounce|key_rst[1]          ; 2       ;
; debounce:u_debounce|key_rst_pre[0]      ; 1       ;
; debounce:u_debounce|key_rst_pre[1]      ; 1       ;
; debounce:u_debounce|key_rst[2]          ; 2       ;
; debounce:u_debounce|key_rst[3]          ; 2       ;
; debounce:u_debounce|key_rst_pre[2]      ; 1       ;
; debounce:u_debounce|key_rst_pre[3]      ; 1       ;
; debounce:u_debounce|key_rst[6]          ; 2       ;
; debounce:u_debounce|key_rst_pre[6]      ; 1       ;
; debounce:u_debounce|key_rst[4]          ; 2       ;
; debounce:u_debounce|key_rst[5]          ; 2       ;
; debounce:u_debounce|key_rst_pre[4]      ; 1       ;
; debounce:u_debounce|key_rst_pre[5]      ; 1       ;
; Total number of inverted registers = 36 ;         ;
+-----------------------------------------+---------+


+-------------------------------------------------------------------------------------------------------------------------------------------------------------------------------+
; Multiplexer Restructuring Statistics (Restructuring Performed)                                                                                                                ;
+--------------------+-----------+---------------+----------------------+------------------------+------------+-----------------------------------------------------------------+
; Multiplexer Inputs ; Bus Width ; Baseline Area ; Area if Restructured ; Saving if Restructured ; Registered ; Example Multiplexer Output                                      ;
+--------------------+-----------+---------------+----------------------+------------------------+------------+-----------------------------------------------------------------+
; 3:1                ; 3 bits    ; 6 LEs         ; 3 LEs                ; 3 LEs                  ; Yes        ; |selecting_machine_test|decode_seg:u_decode_seg|cath_control[0] ;
; 8:1                ; 6 bits    ; 30 LEs        ; 24 LEs               ; 6 LEs                  ; Yes        ; |selecting_machine_test|decode_seg:u_decode_seg|digit_cath[5]   ;
; 8:1                ; 4 bits    ; 20 LEs        ; 16 LEs               ; 4 LEs                  ; Yes        ; |selecting_machine_test|decode_seg:u_decode_seg|digit[2]        ;
; 16:1               ; 25 bits   ; 250 LEs       ; 75 LEs               ; 175 LEs                ; Yes        ; |selecting_machine_test|decode_lattice:u2|col_temp[27]          ;
+--------------------+-----------+---------------+----------------------+------------------------+------------+-----------------------------------------------------------------+


+------------------------------------------------------------------+
; Parameter Settings for User Entity Instance: debounce:u_debounce ;
+----------------+-------+-----------------------------------------+
; Parameter Name ; Value ; Type                                    ;
+----------------+-------+-----------------------------------------+
; N              ; 7     ; Signed Integer                          ;
+----------------+-------+-----------------------------------------+
Note: In order to hide this table in the UI and the text report file, please set the "Show Parameter Settings in Synthesis Report" option in "Analysis and Synthesis Settings -> More Settings" to "Off".


+--------------------------------------------------------------------------+
; Parameter Settings for User Entity Instance: frequency_divider:u_clk_500 ;
+----------------+-------+-------------------------------------------------+
; Parameter Name ; Value ; Type                                            ;
+----------------+-------+-------------------------------------------------+
; N              ; 50000 ; Signed Integer                                  ;
+----------------+-------+-------------------------------------------------+
Note: In order to hide this table in the UI and the text report file, please set the "Show Parameter Settings in Synthesis Report" option in "Analysis and Synthesis Settings -> More Settings" to "Off".


+------------------------------------------------------------------------+
; Parameter Settings for User Entity Instance: frequency_divider:u_clk_6 ;
+----------------+----------+--------------------------------------------+
; Parameter Name ; Value    ; Type                                       ;
+----------------+----------+--------------------------------------------+
; N              ; 12500000 ; Signed Integer                             ;
+----------------+----------+--------------------------------------------+
Note: In order to hide this table in the UI and the text report file, please set the "Show Parameter Settings in Synthesis Report" option in "Analysis and Synthesis Settings -> More Settings" to "Off".


+------------------------------------------------------------------------+
; Parameter Settings for User Entity Instance: frequency_divider:u_clk_5 ;
+----------------+----------+--------------------------------------------+
; Parameter Name ; Value    ; Type                                       ;
+----------------+----------+--------------------------------------------+
; N              ; 10000000 ; Signed Integer                             ;
+----------------+----------+--------------------------------------------+
Note: In order to hide this table in the UI and the text report file, please set the "Show Parameter Settings in Synthesis Report" option in "Analysis and Synthesis Settings -> More Settings" to "Off".


+------------------------------------------------------------------------+
; Parameter Settings for User Entity Instance: frequency_divider:u_clk_4 ;
+----------------+---------+---------------------------------------------+
; Parameter Name ; Value   ; Type                                        ;
+----------------+---------+---------------------------------------------+
; N              ; 7500000 ; Signed Integer                              ;
+----------------+---------+---------------------------------------------+
Note: In order to hide this table in the UI and the text report file, please set the "Show Parameter Settings in Synthesis Report" option in "Analysis and Synthesis Settings -> More Settings" to "Off".


+------------------------------------------------------------------------+
; Parameter Settings for User Entity Instance: frequency_divider:u_clk_3 ;
+----------------+---------+---------------------------------------------+
; Parameter Name ; Value   ; Type                                        ;
+----------------+---------+---------------------------------------------+
; N              ; 5000000 ; Signed Integer                              ;
+----------------+---------+---------------------------------------------+
Note: In order to hide this table in the UI and the text report file, please set the "Show Parameter Settings in Synthesis Report" option in "Analysis and Synthesis Settings -> More Settings" to "Off".


+------------------------------------------------------------------------+
; Parameter Settings for User Entity Instance: frequency_divider:u_clk_2 ;
+----------------+---------+---------------------------------------------+
; Parameter Name ; Value   ; Type                                        ;
+----------------+---------+---------------------------------------------+
; N              ; 2500000 ; Signed Integer                              ;
+----------------+---------+---------------------------------------------+
Note: In order to hide this table in the UI and the text report file, please set the "Show Parameter Settings in Synthesis Report" option in "Analysis and Synthesis Settings -> More Settings" to "Off".


+------------------------------------------------------------------------+
; Parameter Settings for User Entity Instance: frequency_divider:u_clk_1 ;
+----------------+---------+---------------------------------------------+
; Parameter Name ; Value   ; Type                                        ;
+----------------+---------+---------------------------------------------+
; N              ; 2000000 ; Signed Integer                              ;
+----------------+---------+---------------------------------------------+
Note: In order to hide this table in the UI and the text report file, please set the "Show Parameter Settings in Synthesis Report" option in "Analysis and Synthesis Settings -> More Settings" to "Off".


+------------------------------------------------------------------------+
; Parameter Settings for User Entity Instance: frequency_divider:u_clk_0 ;
+----------------+---------+---------------------------------------------+
; Parameter Name ; Value   ; Type                                        ;
+----------------+---------+---------------------------------------------+
; N              ; 1250000 ; Signed Integer                              ;
+----------------+---------+---------------------------------------------+
Note: In order to hide this table in the UI and the text report file, please set the "Show Parameter Settings in Synthesis Report" option in "Analysis and Synthesis Settings -> More Settings" to "Off".


+-------------------------------+
; Analysis & Synthesis Messages ;
+-------------------------------+
Info: *******************************************************************
Info: Running Quartus II 64-Bit Analysis & Synthesis
    Info: Version 15.0.0 Build 145 04/22/2015 SJ Web Edition
    Info: Processing started: Fri Dec 07 09:59:10 2018
Info: Command: quartus_map --read_settings_files=on --write_settings_files=off selecting_machine_test -c selecting_machine_test
Info (11104): Parallel Compilation has detected 8 hyper-threaded processors. However, the extra hyper-threaded processors will not be used by default. Parallel Compilation will use 4 of the 4 physical processors detected instead.
Info (12021): Found 9 design units, including 9 entities, in source file selecting_machine_test.v
    Info (12023): Found entity 1: selecting_machine_test
    Info (12023): Found entity 2: sequencer_eng
    Info (12023): Found entity 3: sequencer_num
    Info (12023): Found entity 4: sequencer_chi
    Info (12023): Found entity 5: decode_seg
    Info (12023): Found entity 6: decode_lattice
    Info (12023): Found entity 7: flag_control
    Info (12023): Found entity 8: debounce
    Info (12023): Found entity 9: frequency_divider
Warning (12019): Can't analyze file -- file debounce.v is missing
Info (12127): Elaborating entity "selecting_machine_test" for the top level hierarchy
Info (12128): Elaborating entity "flag_control" for hierarchy "flag_control:u_flag"
Info (12128): Elaborating entity "debounce" for hierarchy "debounce:u_debounce"
Info (12128): Elaborating entity "frequency_divider" for hierarchy "frequency_divider:u_clk_500"
Warning (10230): Verilog HDL assignment warning at selecting_machine_test.v(467): truncated value with size 32 to match size of target (28)
Info (12128): Elaborating entity "frequency_divider" for hierarchy "frequency_divider:u_clk_6"
Warning (10230): Verilog HDL assignment warning at selecting_machine_test.v(467): truncated value with size 32 to match size of target (28)
Info (12128): Elaborating entity "frequency_divider" for hierarchy "frequency_divider:u_clk_5"
Warning (10230): Verilog HDL assignment warning at selecting_machine_test.v(467): truncated value with size 32 to match size of target (28)
Info (12128): Elaborating entity "frequency_divider" for hierarchy "frequency_divider:u_clk_4"
Warning (10230): Verilog HDL assignment warning at selecting_machine_test.v(467): truncated value with size 32 to match size of target (28)
Info (12128): Elaborating entity "frequency_divider" for hierarchy "frequency_divider:u_clk_3"
Warning (10230): Verilog HDL assignment warning at selecting_machine_test.v(467): truncated value with size 32 to match size of target (28)
Info (12128): Elaborating entity "frequency_divider" for hierarchy "frequency_divider:u_clk_2"
Warning (10230): Verilog HDL assignment warning at selecting_machine_test.v(467): truncated value with size 32 to match size of target (28)
Info (12128): Elaborating entity "frequency_divider" for hierarchy "frequency_divider:u_clk_1"
Warning (10230): Verilog HDL assignment warning at selecting_machine_test.v(467): truncated value with size 32 to match size of target (28)
Info (12128): Elaborating entity "frequency_divider" for hierarchy "frequency_divider:u_clk_0"
Warning (10230): Verilog HDL assignment warning at selecting_machine_test.v(467): truncated value with size 32 to match size of target (28)
Info (12128): Elaborating entity "sequencer_chi" for hierarchy "sequencer_chi:u_sequencer_chi"
Warning (10230): Verilog HDL assignment warning at selecting_machine_test.v(182): truncated value with size 32 to match size of target (4)
Info (12128): Elaborating entity "sequencer_eng" for hierarchy "sequencer_eng:u_sequencer_eng"
Warning (10230): Verilog HDL assignment warning at selecting_machine_test.v(132): truncated value with size 32 to match size of target (4)
Info (12128): Elaborating entity "sequencer_num" for hierarchy "sequencer_num:u_sequencer_num_4"
Warning (10230): Verilog HDL assignment warning at selecting_machine_test.v(157): truncated value with size 32 to match size of target (4)
Info (12128): Elaborating entity "decode_seg" for hierarchy "decode_seg:u_decode_seg"
Warning (10230): Verilog HDL assignment warning at selecting_machine_test.v(213): truncated value with size 32 to match size of target (3)
Info (12128): Elaborating entity "decode_lattice" for hierarchy "decode_lattice:u2"
Warning (10230): Verilog HDL assignment warning at selecting_machine_test.v(288): truncated value with size 32 to match size of target (3)
Warning (13024): Output pins are stuck at VCC or GND
    Warning (13410): Pin "digit_scan[0]" is stuck at GND
    Warning (13410): Pin "digit_cath[6]" is stuck at VCC
    Warning (13410): Pin "digit_cath[7]" is stuck at VCC
Info (18000): Registers with preset signals will power-up high
Info (21057): Implemented 767 device resources after synthesis - the final resource count might be different
    Info (21058): Implemented 9 input pins
    Info (21059): Implemented 32 output pins
    Info (21061): Implemented 726 logic cells
Info: Quartus II 64-Bit Analysis & Synthesis was successful. 0 errors, 18 warnings
    Info: Peak virtual memory: 4809 megabytes
    Info: Processing ended: Fri Dec 07 09:59:22 2018
    Info: Elapsed time: 00:00:12
    Info: Total CPU time (on all processors): 00:00:24


