Analysis & Synthesis report for sequencer_test
Fri Nov 30 20:45:45 2018
Quartus II 64-Bit Version 15.0.0 Build 145 04/22/2015 SJ Web Edition


---------------------
; Table of Contents ;
---------------------
  1. Legal Notice
  2. Analysis & Synthesis Summary
  3. Analysis & Synthesis Settings
  4. Parallel Compilation
  5. Analysis & Synthesis Source Files Read
  6. Analysis & Synthesis Resource Usage Summary
  7. Analysis & Synthesis Resource Utilization by Entity
  8. Registers Removed During Synthesis
  9. General Register Statistics
 10. Inverted Register Statistics
 11. Parameter Settings for User Entity Instance: frequency_divider:u_clk_6
 12. Parameter Settings for User Entity Instance: frequency_divider:u_clk_5
 13. Parameter Settings for User Entity Instance: frequency_divider:u_clk_4
 14. Parameter Settings for User Entity Instance: frequency_divider:u_clk_3
 15. Parameter Settings for User Entity Instance: frequency_divider:u_clk_2
 16. Parameter Settings for User Entity Instance: frequency_divider:u_clk_1
 17. Parameter Settings for User Entity Instance: frequency_divider:u_clk_0
 18. Port Connectivity Checks: "sequencer_num:u_sequencer_num_0"
 19. Port Connectivity Checks: "sequencer_num:u_sequencer_num_1"
 20. Port Connectivity Checks: "sequencer_num:u_sequencer_num_2"
 21. Port Connectivity Checks: "sequencer_num:u_sequencer_num_3"
 22. Port Connectivity Checks: "sequencer_num:u_sequencer_num_4"
 23. Port Connectivity Checks: "sequencer_eng:u_sequencer_eng"
 24. Port Connectivity Checks: "sequencer_chi:u_sequencer_chi"
 25. Analysis & Synthesis Messages



----------------
; Legal Notice ;
----------------
Copyright (C) 1991-2015 Altera Corporation. All rights reserved.
Your use of Altera Corporation's design tools, logic functions 
and other software and tools, and its AMPP partner logic 
functions, and any output files from any of the foregoing 
(including device programming or simulation files), and any 
associated documentation or information are expressly subject 
to the terms and conditions of the Altera Program License 
Subscription Agreement, the Altera Quartus II License Agreement,
the Altera MegaCore Function License Agreement, or other 
applicable license agreement, including, without limitation, 
that your use is for the sole purpose of programming logic 
devices manufactured by Altera and sold by Altera or its 
authorized distributors.  Please refer to the applicable 
agreement for further details.



+--------------------------------------------------------------------------+
; Analysis & Synthesis Summary                                             ;
+-----------------------------+--------------------------------------------+
; Analysis & Synthesis Status ; Successful - Fri Nov 30 20:45:45 2018      ;
; Quartus II 64-Bit Version   ; 15.0.0 Build 145 04/22/2015 SJ Web Edition ;
; Revision Name               ; sequencer_test                             ;
; Top-level Entity Name       ; sequencer_test                             ;
; Family                      ; MAX II                                     ;
; Total logic elements        ; 489                                        ;
; Total pins                  ; 30                                         ;
; Total virtual pins          ; 0                                          ;
; UFM blocks                  ; 0 / 1 ( 0 % )                              ;
+-----------------------------+--------------------------------------------+


+----------------------------------------------------------------------------------------------------------------------+
; Analysis & Synthesis Settings                                                                                        ;
+----------------------------------------------------------------------------+--------------------+--------------------+
; Option                                                                     ; Setting            ; Default Value      ;
+----------------------------------------------------------------------------+--------------------+--------------------+
; Device                                                                     ; EPM1270T144C5      ;                    ;
; Top-level entity name                                                      ; sequencer_test     ; sequencer_test     ;
; Family name                                                                ; MAX II             ; Cyclone V          ;
; Use smart compilation                                                      ; Off                ; Off                ;
; Enable parallel Assembler and TimeQuest Timing Analyzer during compilation ; On                 ; On                 ;
; Enable compact report table                                                ; Off                ; Off                ;
; Restructure Multiplexers                                                   ; Auto               ; Auto               ;
; Create Debugging Nodes for IP Cores                                        ; Off                ; Off                ;
; Preserve fewer node names                                                  ; On                 ; On                 ;
; Disable OpenCore Plus hardware evaluation                                  ; Off                ; Off                ;
; Verilog Version                                                            ; Verilog_2001       ; Verilog_2001       ;
; VHDL Version                                                               ; VHDL_1993          ; VHDL_1993          ;
; State Machine Processing                                                   ; Auto               ; Auto               ;
; Safe State Machine                                                         ; Off                ; Off                ;
; Extract Verilog State Machines                                             ; On                 ; On                 ;
; Extract VHDL State Machines                                                ; On                 ; On                 ;
; Ignore Verilog initial constructs                                          ; Off                ; Off                ;
; Iteration limit for constant Verilog loops                                 ; 5000               ; 5000               ;
; Iteration limit for non-constant Verilog loops                             ; 250                ; 250                ;
; Add Pass-Through Logic to Inferred RAMs                                    ; On                 ; On                 ;
; Infer RAMs from Raw Logic                                                  ; On                 ; On                 ;
; Parallel Synthesis                                                         ; On                 ; On                 ;
; NOT Gate Push-Back                                                         ; On                 ; On                 ;
; Power-Up Don't Care                                                        ; On                 ; On                 ;
; Remove Redundant Logic Cells                                               ; Off                ; Off                ;
; Remove Duplicate Registers                                                 ; On                 ; On                 ;
; Ignore CARRY Buffers                                                       ; Off                ; Off                ;
; Ignore CASCADE Buffers                                                     ; Off                ; Off                ;
; Ignore GLOBAL Buffers                                                      ; Off                ; Off                ;
; Ignore ROW GLOBAL Buffers                                                  ; Off                ; Off                ;
; Ignore LCELL Buffers                                                       ; Off                ; Off                ;
; Ignore SOFT Buffers                                                        ; On                 ; On                 ;
; Limit AHDL Integers to 32 Bits                                             ; Off                ; Off                ;
; Optimization Technique                                                     ; Balanced           ; Balanced           ;
; Carry Chain Length                                                         ; 70                 ; 70                 ;
; Auto Carry Chains                                                          ; On                 ; On                 ;
; Auto Open-Drain Pins                                                       ; On                 ; On                 ;
; Perform WYSIWYG Primitive Resynthesis                                      ; Off                ; Off                ;
; Auto Shift Register Replacement                                            ; Auto               ; Auto               ;
; Allow Shift Register Merging across Hierarchies                            ; Auto               ; Auto               ;
; Auto Clock Enable Replacement                                              ; On                 ; On                 ;
; Allow Synchronous Control Signals                                          ; On                 ; On                 ;
; Force Use of Synchronous Clear Signals                                     ; Off                ; Off                ;
; Auto Resource Sharing                                                      ; Off                ; Off                ;
; Use LogicLock Constraints during Resource Balancing                        ; On                 ; On                 ;
; Ignore translate_off and synthesis_off directives                          ; Off                ; Off                ;
; Report Parameter Settings                                                  ; On                 ; On                 ;
; Report Source Assignments                                                  ; On                 ; On                 ;
; Report Connectivity Checks                                                 ; On                 ; On                 ;
; Ignore Maximum Fan-Out Assignments                                         ; Off                ; Off                ;
; Synchronization Register Chain Length                                      ; 2                  ; 2                  ;
; PowerPlay Power Optimization During Synthesis                              ; Normal compilation ; Normal compilation ;
; HDL message level                                                          ; Level2             ; Level2             ;
; Suppress Register Optimization Related Messages                            ; Off                ; Off                ;
; Number of Removed Registers Reported in Synthesis Report                   ; 5000               ; 5000               ;
; Number of Swept Nodes Reported in Synthesis Report                         ; 5000               ; 5000               ;
; Number of Inverted Registers Reported in Synthesis Report                  ; 100                ; 100                ;
; Clock MUX Protection                                                       ; On                 ; On                 ;
; Block Design Naming                                                        ; Auto               ; Auto               ;
; Synthesis Effort                                                           ; Auto               ; Auto               ;
; Shift Register Replacement - Allow Asynchronous Clear Signal               ; On                 ; On                 ;
; Analysis & Synthesis Message Level                                         ; Medium             ; Medium             ;
; Disable Register Merging Across Hierarchies                                ; Auto               ; Auto               ;
; Synthesis Seed                                                             ; 1                  ; 1                  ;
+----------------------------------------------------------------------------+--------------------+--------------------+


+------------------------------------------+
; Parallel Compilation                     ;
+----------------------------+-------------+
; Processors                 ; Number      ;
+----------------------------+-------------+
; Number detected on machine ; 8           ;
; Maximum allowed            ; 4           ;
;                            ;             ;
; Average used               ; 1.00        ;
; Maximum used               ; 1           ;
;                            ;             ;
; Usage by Processor         ; % Time Used ;
;     Processor 1            ; 100.0%      ;
;     Processors 2-8         ;   0.0%      ;
+----------------------------+-------------+


+------------------------------------------------------------------------------------------------------------------------------------------------+
; Analysis & Synthesis Source Files Read                                                                                                         ;
+----------------------------------+-----------------+------------------------+--------------------------------------------------------+---------+
; File Name with User-Entered Path ; Used in Netlist ; File Type              ; File Name with Absolute Path                           ; Library ;
+----------------------------------+-----------------+------------------------+--------------------------------------------------------+---------+
; sequencer_test.v                 ; yes             ; User Verilog HDL File  ; E:/prime_for_FPGA/Lite/demo/sequencer/sequencer_test.v ;         ;
+----------------------------------+-----------------+------------------------+--------------------------------------------------------+---------+


+-----------------------------------------------------+
; Analysis & Synthesis Resource Usage Summary         ;
+---------------------------------------------+-------+
; Resource                                    ; Usage ;
+---------------------------------------------+-------+
; Total logic elements                        ; 489   ;
;     -- Combinational with no register       ; 259   ;
;     -- Register only                        ; 128   ;
;     -- Combinational with a register        ; 102   ;
;                                             ;       ;
; Logic element usage by number of LUT inputs ;       ;
;     -- 4 input functions                    ; 76    ;
;     -- 3 input functions                    ; 7     ;
;     -- 2 input functions                    ; 265   ;
;     -- 1 input functions                    ; 13    ;
;     -- 0 input functions                    ; 0     ;
;                                             ;       ;
; Logic elements by mode                      ;       ;
;     -- normal mode                          ; 300   ;
;     -- arithmetic mode                      ; 189   ;
;     -- qfbk mode                            ; 0     ;
;     -- register cascade mode                ; 0     ;
;     -- synchronous clear/load mode          ; 0     ;
;     -- asynchronous clear/load mode         ; 27    ;
;                                             ;       ;
; Total registers                             ; 230   ;
; Total logic cells in carry chains           ; 196   ;
; I/O pins                                    ; 30    ;
; Maximum fan-out node                        ; clk   ;
; Maximum fan-out                             ; 203   ;
; Total fan-out                               ; 1280  ;
; Average fan-out                             ; 2.47  ;
+---------------------------------------------+-------+


+------------------------------------------------------------------------------------------------------------------------------------------------------------------------------------------------------------------------------------------------------------+
; Analysis & Synthesis Resource Utilization by Entity                                                                                                                                                                                                        ;
+--------------------------------------+-------------+--------------+------------+------+--------------+--------------+-------------------+------------------+-----------------+------------+-------------------------------------------------+--------------+
; Compilation Hierarchy Node           ; Logic Cells ; LC Registers ; UFM Blocks ; Pins ; Virtual Pins ; LUT-Only LCs ; Register-Only LCs ; LUT/Register LCs ; Carry Chain LCs ; Packed LCs ; Full Hierarchy Name                             ; Library Name ;
+--------------------------------------+-------------+--------------+------------+------+--------------+--------------+-------------------+------------------+-----------------+------------+-------------------------------------------------+--------------+
; |sequencer_test                      ; 489 (0)     ; 230          ; 0          ; 30   ; 0            ; 259 (0)      ; 128 (0)           ; 102 (0)          ; 196 (0)         ; 0 (0)      ; |sequencer_test                                 ; work         ;
;    |frequency_divider:u_clk_0|       ; 66 (66)     ; 29           ; 0          ; 0    ; 0            ; 37 (37)      ; 19 (19)           ; 10 (10)          ; 28 (28)         ; 0 (0)      ; |sequencer_test|frequency_divider:u_clk_0       ; work         ;
;    |frequency_divider:u_clk_1|       ; 66 (66)     ; 29           ; 0          ; 0    ; 0            ; 37 (37)      ; 20 (20)           ; 9 (9)            ; 28 (28)         ; 0 (0)      ; |sequencer_test|frequency_divider:u_clk_1       ; work         ;
;    |frequency_divider:u_clk_2|       ; 66 (66)     ; 29           ; 0          ; 0    ; 0            ; 37 (37)      ; 19 (19)           ; 10 (10)          ; 28 (28)         ; 0 (0)      ; |sequencer_test|frequency_divider:u_clk_2       ; work         ;
;    |frequency_divider:u_clk_3|       ; 66 (66)     ; 29           ; 0          ; 0    ; 0            ; 37 (37)      ; 19 (19)           ; 10 (10)          ; 28 (28)         ; 0 (0)      ; |sequencer_test|frequency_divider:u_clk_3       ; work         ;
;    |frequency_divider:u_clk_4|       ; 66 (66)     ; 29           ; 0          ; 0    ; 0            ; 37 (37)      ; 17 (17)           ; 12 (12)          ; 28 (28)         ; 0 (0)      ; |sequencer_test|frequency_divider:u_clk_4       ; work         ;
;    |frequency_divider:u_clk_5|       ; 66 (66)     ; 29           ; 0          ; 0    ; 0            ; 37 (37)      ; 19 (19)           ; 10 (10)          ; 28 (28)         ; 0 (0)      ; |sequencer_test|frequency_divider:u_clk_5       ; work         ;
;    |frequency_divider:u_clk_6|       ; 66 (66)     ; 29           ; 0          ; 0    ; 0            ; 37 (37)      ; 15 (15)           ; 14 (14)          ; 28 (28)         ; 0 (0)      ; |sequencer_test|frequency_divider:u_clk_6       ; work         ;
;    |sequencer_chi:u_sequencer_chi|   ; 4 (4)       ; 4            ; 0          ; 0    ; 0            ; 0 (0)        ; 0 (0)             ; 4 (4)            ; 0 (0)           ; 0 (0)      ; |sequencer_test|sequencer_chi:u_sequencer_chi   ; work         ;
;    |sequencer_eng:u_sequencer_eng|   ; 3 (3)       ; 3            ; 0          ; 0    ; 0            ; 0 (0)        ; 0 (0)             ; 3 (3)            ; 0 (0)           ; 0 (0)      ; |sequencer_test|sequencer_eng:u_sequencer_eng   ; work         ;
;    |sequencer_num:u_sequencer_num_0| ; 4 (4)       ; 4            ; 0          ; 0    ; 0            ; 0 (0)        ; 0 (0)             ; 4 (4)            ; 0 (0)           ; 0 (0)      ; |sequencer_test|sequencer_num:u_sequencer_num_0 ; work         ;
;    |sequencer_num:u_sequencer_num_1| ; 4 (4)       ; 4            ; 0          ; 0    ; 0            ; 0 (0)        ; 0 (0)             ; 4 (4)            ; 0 (0)           ; 0 (0)      ; |sequencer_test|sequencer_num:u_sequencer_num_1 ; work         ;
;    |sequencer_num:u_sequencer_num_2| ; 4 (4)       ; 4            ; 0          ; 0    ; 0            ; 0 (0)        ; 0 (0)             ; 4 (4)            ; 0 (0)           ; 0 (0)      ; |sequencer_test|sequencer_num:u_sequencer_num_2 ; work         ;
;    |sequencer_num:u_sequencer_num_3| ; 4 (4)       ; 4            ; 0          ; 0    ; 0            ; 0 (0)        ; 0 (0)             ; 4 (4)            ; 0 (0)           ; 0 (0)      ; |sequencer_test|sequencer_num:u_sequencer_num_3 ; work         ;
;    |sequencer_num:u_sequencer_num_4| ; 4 (4)       ; 4            ; 0          ; 0    ; 0            ; 0 (0)        ; 0 (0)             ; 4 (4)            ; 0 (0)           ; 0 (0)      ; |sequencer_test|sequencer_num:u_sequencer_num_4 ; work         ;
+--------------------------------------+-------------+--------------+------------+------+--------------+--------------+-------------------+------------------+-----------------+------------+-------------------------------------------------+--------------+
Note: For table entries with two numbers listed, the numbers in parentheses indicate the number of resources of the given type used by the specific entity alone. The numbers listed outside of parentheses indicate the total resources of the given type used by the specific entity and all of its sub-entities in the hierarchy.


+--------------------------------------------------------------------------------+
; Registers Removed During Synthesis                                             ;
+---------------------------------------+----------------------------------------+
; Register name                         ; Reason for Removal                     ;
+---------------------------------------+----------------------------------------+
; sequencer_eng:u_sequencer_eng|code[3] ; Stuck at VCC due to stuck port data_in ;
; Total Number of Removed Registers = 1 ;                                        ;
+---------------------------------------+----------------------------------------+


+------------------------------------------------------+
; General Register Statistics                          ;
+----------------------------------------------+-------+
; Statistic                                    ; Value ;
+----------------------------------------------+-------+
; Total registers                              ; 230   ;
; Number of registers using Synchronous Clear  ; 0     ;
; Number of registers using Synchronous Load   ; 0     ;
; Number of registers using Asynchronous Clear ; 27    ;
; Number of registers using Asynchronous Load  ; 0     ;
; Number of registers using Clock Enable       ; 0     ;
; Number of registers using Preset             ; 0     ;
+----------------------------------------------+-------+


+--------------------------------------------------+
; Inverted Register Statistics                     ;
+----------------------------------------+---------+
; Inverted Register                      ; Fan out ;
+----------------------------------------+---------+
; sequencer_eng:u_sequencer_eng|code[1]  ; 3       ;
; Total number of inverted registers = 1 ;         ;
+----------------------------------------+---------+


+------------------------------------------------------------------------+
; Parameter Settings for User Entity Instance: frequency_divider:u_clk_6 ;
+----------------+----------+--------------------------------------------+
; Parameter Name ; Value    ; Type                                       ;
+----------------+----------+--------------------------------------------+
; N              ; 12500000 ; Signed Integer                             ;
+----------------+----------+--------------------------------------------+
Note: In order to hide this table in the UI and the text report file, please set the "Show Parameter Settings in Synthesis Report" option in "Analysis and Synthesis Settings -> More Settings" to "Off".


+------------------------------------------------------------------------+
; Parameter Settings for User Entity Instance: frequency_divider:u_clk_5 ;
+----------------+----------+--------------------------------------------+
; Parameter Name ; Value    ; Type                                       ;
+----------------+----------+--------------------------------------------+
; N              ; 10000000 ; Signed Integer                             ;
+----------------+----------+--------------------------------------------+
Note: In order to hide this table in the UI and the text report file, please set the "Show Parameter Settings in Synthesis Report" option in "Analysis and Synthesis Settings -> More Settings" to "Off".


+------------------------------------------------------------------------+
; Parameter Settings for User Entity Instance: frequency_divider:u_clk_4 ;
+----------------+---------+---------------------------------------------+
; Parameter Name ; Value   ; Type                                        ;
+----------------+---------+---------------------------------------------+
; N              ; 7500000 ; Signed Integer                              ;
+----------------+---------+---------------------------------------------+
Note: In order to hide this table in the UI and the text report file, please set the "Show Parameter Settings in Synthesis Report" option in "Analysis and Synthesis Settings -> More Settings" to "Off".


+------------------------------------------------------------------------+
; Parameter Settings for User Entity Instance: frequency_divider:u_clk_3 ;
+----------------+---------+---------------------------------------------+
; Parameter Name ; Value   ; Type                                        ;
+----------------+---------+---------------------------------------------+
; N              ; 5000000 ; Signed Integer                              ;
+----------------+---------+---------------------------------------------+
Note: In order to hide this table in the UI and the text report file, please set the "Show Parameter Settings in Synthesis Report" option in "Analysis and Synthesis Settings -> More Settings" to "Off".


+------------------------------------------------------------------------+
; Parameter Settings for User Entity Instance: frequency_divider:u_clk_2 ;
+----------------+---------+---------------------------------------------+
; Parameter Name ; Value   ; Type                                        ;
+----------------+---------+---------------------------------------------+
; N              ; 2500000 ; Signed Integer                              ;
+----------------+---------+---------------------------------------------+
Note: In order to hide this table in the UI and the text report file, please set the "Show Parameter Settings in Synthesis Report" option in "Analysis and Synthesis Settings -> More Settings" to "Off".


+------------------------------------------------------------------------+
; Parameter Settings for User Entity Instance: frequency_divider:u_clk_1 ;
+----------------+---------+---------------------------------------------+
; Parameter Name ; Value   ; Type                                        ;
+----------------+---------+---------------------------------------------+
; N              ; 2000000 ; Signed Integer                              ;
+----------------+---------+---------------------------------------------+
Note: In order to hide this table in the UI and the text report file, please set the "Show Parameter Settings in Synthesis Report" option in "Analysis and Synthesis Settings -> More Settings" to "Off".


+------------------------------------------------------------------------+
; Parameter Settings for User Entity Instance: frequency_divider:u_clk_0 ;
+----------------+---------+---------------------------------------------+
; Parameter Name ; Value   ; Type                                        ;
+----------------+---------+---------------------------------------------+
; N              ; 1250000 ; Signed Integer                              ;
+----------------+---------+---------------------------------------------+
Note: In order to hide this table in the UI and the text report file, please set the "Show Parameter Settings in Synthesis Report" option in "Analysis and Synthesis Settings -> More Settings" to "Off".


+------------------------------------------------------------------------------------------------------------------------------------------------------------------------------------------------------------------+
; Port Connectivity Checks: "sequencer_num:u_sequencer_num_0"                                                                                                                                                      ;
+----------+-------+----------+------------------------------------------------------------------------------------------------------------------------------------------------------------------------------------+
; Port     ; Type  ; Severity ; Details                                                                                                                                                                            ;
+----------+-------+----------+------------------------------------------------------------------------------------------------------------------------------------------------------------------------------------+
; flag     ; Input ; Warning  ; Input port expression (32 bits) is wider than the input port (1 bits) it drives.  The 31 most-significant bit(s) in the expression will be dangling if they have no other fanouts. ;
; flag[-1] ; Input ; Info     ; Stuck at VCC                                                                                                                                                                       ;
+----------+-------+----------+------------------------------------------------------------------------------------------------------------------------------------------------------------------------------------+


+------------------------------------------------------------------------------------------------------------------------------------------------------------------------------------------------------------------+
; Port Connectivity Checks: "sequencer_num:u_sequencer_num_1"                                                                                                                                                      ;
+----------+-------+----------+------------------------------------------------------------------------------------------------------------------------------------------------------------------------------------+
; Port     ; Type  ; Severity ; Details                                                                                                                                                                            ;
+----------+-------+----------+------------------------------------------------------------------------------------------------------------------------------------------------------------------------------------+
; flag     ; Input ; Warning  ; Input port expression (32 bits) is wider than the input port (1 bits) it drives.  The 31 most-significant bit(s) in the expression will be dangling if they have no other fanouts. ;
; flag[-1] ; Input ; Info     ; Stuck at VCC                                                                                                                                                                       ;
+----------+-------+----------+------------------------------------------------------------------------------------------------------------------------------------------------------------------------------------+


+------------------------------------------------------------------------------------------------------------------------------------------------------------------------------------------------------------------+
; Port Connectivity Checks: "sequencer_num:u_sequencer_num_2"                                                                                                                                                      ;
+----------+-------+----------+------------------------------------------------------------------------------------------------------------------------------------------------------------------------------------+
; Port     ; Type  ; Severity ; Details                                                                                                                                                                            ;
+----------+-------+----------+------------------------------------------------------------------------------------------------------------------------------------------------------------------------------------+
; flag     ; Input ; Warning  ; Input port expression (32 bits) is wider than the input port (1 bits) it drives.  The 31 most-significant bit(s) in the expression will be dangling if they have no other fanouts. ;
; flag[-1] ; Input ; Info     ; Stuck at VCC                                                                                                                                                                       ;
+----------+-------+----------+------------------------------------------------------------------------------------------------------------------------------------------------------------------------------------+


+------------------------------------------------------------------------------------------------------------------------------------------------------------------------------------------------------------------+
; Port Connectivity Checks: "sequencer_num:u_sequencer_num_3"                                                                                                                                                      ;
+----------+-------+----------+------------------------------------------------------------------------------------------------------------------------------------------------------------------------------------+
; Port     ; Type  ; Severity ; Details                                                                                                                                                                            ;
+----------+-------+----------+------------------------------------------------------------------------------------------------------------------------------------------------------------------------------------+
; flag     ; Input ; Warning  ; Input port expression (32 bits) is wider than the input port (1 bits) it drives.  The 31 most-significant bit(s) in the expression will be dangling if they have no other fanouts. ;
; flag[-1] ; Input ; Info     ; Stuck at VCC                                                                                                                                                                       ;
+----------+-------+----------+------------------------------------------------------------------------------------------------------------------------------------------------------------------------------------+


+------------------------------------------------------------------------------------------------------------------------------------------------------------------------------------------------------------------+
; Port Connectivity Checks: "sequencer_num:u_sequencer_num_4"                                                                                                                                                      ;
+----------+-------+----------+------------------------------------------------------------------------------------------------------------------------------------------------------------------------------------+
; Port     ; Type  ; Severity ; Details                                                                                                                                                                            ;
+----------+-------+----------+------------------------------------------------------------------------------------------------------------------------------------------------------------------------------------+
; flag     ; Input ; Warning  ; Input port expression (32 bits) is wider than the input port (1 bits) it drives.  The 31 most-significant bit(s) in the expression will be dangling if they have no other fanouts. ;
; flag[-1] ; Input ; Info     ; Stuck at VCC                                                                                                                                                                       ;
+----------+-------+----------+------------------------------------------------------------------------------------------------------------------------------------------------------------------------------------+


+------------------------------------------------------------------------------------------------------------------------------------------------------------------------------------------------------------------+
; Port Connectivity Checks: "sequencer_eng:u_sequencer_eng"                                                                                                                                                        ;
+----------+-------+----------+------------------------------------------------------------------------------------------------------------------------------------------------------------------------------------+
; Port     ; Type  ; Severity ; Details                                                                                                                                                                            ;
+----------+-------+----------+------------------------------------------------------------------------------------------------------------------------------------------------------------------------------------+
; flag     ; Input ; Warning  ; Input port expression (32 bits) is wider than the input port (1 bits) it drives.  The 31 most-significant bit(s) in the expression will be dangling if they have no other fanouts. ;
; flag[-1] ; Input ; Info     ; Stuck at VCC                                                                                                                                                                       ;
+----------+-------+----------+------------------------------------------------------------------------------------------------------------------------------------------------------------------------------------+


+------------------------------------------------------------------------------------------------------------------------------------------------------------------------------------------------------------------+
; Port Connectivity Checks: "sequencer_chi:u_sequencer_chi"                                                                                                                                                        ;
+----------+-------+----------+------------------------------------------------------------------------------------------------------------------------------------------------------------------------------------+
; Port     ; Type  ; Severity ; Details                                                                                                                                                                            ;
+----------+-------+----------+------------------------------------------------------------------------------------------------------------------------------------------------------------------------------------+
; flag     ; Input ; Warning  ; Input port expression (32 bits) is wider than the input port (1 bits) it drives.  The 31 most-significant bit(s) in the expression will be dangling if they have no other fanouts. ;
; flag[-1] ; Input ; Info     ; Stuck at VCC                                                                                                                                                                       ;
+----------+-------+----------+------------------------------------------------------------------------------------------------------------------------------------------------------------------------------------+


+-------------------------------+
; Analysis & Synthesis Messages ;
+-------------------------------+
Info: *******************************************************************
Info: Running Quartus II 64-Bit Analysis & Synthesis
    Info: Version 15.0.0 Build 145 04/22/2015 SJ Web Edition
    Info: Processing started: Fri Nov 30 20:45:34 2018
Info: Command: quartus_map --read_settings_files=on --write_settings_files=off sequencer_test -c sequencer_test
Info (11104): Parallel Compilation has detected 8 hyper-threaded processors. However, the extra hyper-threaded processors will not be used by default. Parallel Compilation will use 4 of the 4 physical processors detected instead.
Info (12021): Found 5 design units, including 5 entities, in source file sequencer_test.v
    Info (12023): Found entity 1: sequencer_test
    Info (12023): Found entity 2: sequencer_eng
    Info (12023): Found entity 3: sequencer_num
    Info (12023): Found entity 4: sequencer_chi
    Info (12023): Found entity 5: frequency_divider
Info (12127): Elaborating entity "sequencer_test" for the top level hierarchy
Info (12128): Elaborating entity "frequency_divider" for hierarchy "frequency_divider:u_clk_6"
Warning (10230): Verilog HDL assignment warning at sequencer_test.v(168): truncated value with size 32 to match size of target (28)
Info (12128): Elaborating entity "frequency_divider" for hierarchy "frequency_divider:u_clk_5"
Warning (10230): Verilog HDL assignment warning at sequencer_test.v(168): truncated value with size 32 to match size of target (28)
Info (12128): Elaborating entity "frequency_divider" for hierarchy "frequency_divider:u_clk_4"
Warning (10230): Verilog HDL assignment warning at sequencer_test.v(168): truncated value with size 32 to match size of target (28)
Info (12128): Elaborating entity "frequency_divider" for hierarchy "frequency_divider:u_clk_3"
Warning (10230): Verilog HDL assignment warning at sequencer_test.v(168): truncated value with size 32 to match size of target (28)
Info (12128): Elaborating entity "frequency_divider" for hierarchy "frequency_divider:u_clk_2"
Warning (10230): Verilog HDL assignment warning at sequencer_test.v(168): truncated value with size 32 to match size of target (28)
Info (12128): Elaborating entity "frequency_divider" for hierarchy "frequency_divider:u_clk_1"
Warning (10230): Verilog HDL assignment warning at sequencer_test.v(168): truncated value with size 32 to match size of target (28)
Info (12128): Elaborating entity "frequency_divider" for hierarchy "frequency_divider:u_clk_0"
Warning (10230): Verilog HDL assignment warning at sequencer_test.v(168): truncated value with size 32 to match size of target (28)
Info (12128): Elaborating entity "sequencer_chi" for hierarchy "sequencer_chi:u_sequencer_chi"
Warning (10230): Verilog HDL assignment warning at sequencer_test.v(143): truncated value with size 32 to match size of target (4)
Info (12128): Elaborating entity "sequencer_eng" for hierarchy "sequencer_eng:u_sequencer_eng"
Warning (10230): Verilog HDL assignment warning at sequencer_test.v(93): truncated value with size 32 to match size of target (4)
Info (12128): Elaborating entity "sequencer_num" for hierarchy "sequencer_num:u_sequencer_num_4"
Warning (10230): Verilog HDL assignment warning at sequencer_test.v(118): truncated value with size 32 to match size of target (4)
Warning (12241): 7 hierarchies have connectivity warnings - see the Connectivity Checks report folder
Warning (13024): Output pins are stuck at VCC or GND
    Warning (13410): Pin "code[23]" is stuck at VCC
Info (18000): Registers with preset signals will power-up high
Info (21057): Implemented 519 device resources after synthesis - the final resource count might be different
    Info (21058): Implemented 2 input pins
    Info (21059): Implemented 28 output pins
    Info (21061): Implemented 489 logic cells
Info: Quartus II 64-Bit Analysis & Synthesis was successful. 0 errors, 13 warnings
    Info: Peak virtual memory: 4810 megabytes
    Info: Processing ended: Fri Nov 30 20:45:45 2018
    Info: Elapsed time: 00:00:11
    Info: Total CPU time (on all processors): 00:00:23


