------------------------------------------------------------
Timing Analyzer Summary
------------------------------------------------------------

Type  : Slow 1200mV 85C Model Setup 'clk'
Slack : -6.441
TNS   : -806.424

Type  : Slow 1200mV 85C Model Setup 'breath_led_and_led_test:u3|seg_scan:u2|div_count[10]'
Slack : 0.114
TNS   : 0.000

Type  : Slow 1200mV 85C Model Hold 'clk'
Slack : 0.431
TNS   : 0.000

Type  : Slow 1200mV 85C Model Hold 'breath_led_and_led_test:u3|seg_scan:u2|div_count[10]'
Slack : 0.497
TNS   : 0.000

Type  : Slow 1200mV 85C Model Minimum Pulse Width 'clk'
Slack : -3.000
TNS   : -291.478

Type  : Slow 1200mV 85C Model Minimum Pulse Width 'breath_led_and_led_test:u3|seg_scan:u2|div_count[10]'
Slack : -1.487
TNS   : -1.487

Type  : Slow 1200mV 0C Model Setup 'clk'
Slack : -6.031
TNS   : -744.126

Type  : Slow 1200mV 0C Model Setup 'breath_led_and_led_test:u3|seg_scan:u2|div_count[10]'
Slack : 0.208
TNS   : 0.000

Type  : Slow 1200mV 0C Model Hold 'clk'
Slack : 0.381
TNS   : 0.000

Type  : Slow 1200mV 0C Model Hold 'breath_led_and_led_test:u3|seg_scan:u2|div_count[10]'
Slack : 0.445
TNS   : 0.000

Type  : Slow 1200mV 0C Model Minimum Pulse Width 'clk'
Slack : -3.000
TNS   : -291.478

Type  : Slow 1200mV 0C Model Minimum Pulse Width 'breath_led_and_led_test:u3|seg_scan:u2|div_count[10]'
Slack : -1.487
TNS   : -1.487

Type  : Fast 1200mV 0C Model Setup 'clk'
Slack : -2.143
TNS   : -239.542

Type  : Fast 1200mV 0C Model Setup 'breath_led_and_led_test:u3|seg_scan:u2|div_count[10]'
Slack : 0.626
TNS   : 0.000

Type  : Fast 1200mV 0C Model Hold 'clk'
Slack : 0.177
TNS   : 0.000

Type  : Fast 1200mV 0C Model Hold 'breath_led_and_led_test:u3|seg_scan:u2|div_count[10]'
Slack : 0.208
TNS   : 0.000

Type  : Fast 1200mV 0C Model Minimum Pulse Width 'clk'
Slack : -3.000
TNS   : -211.607

Type  : Fast 1200mV 0C Model Minimum Pulse Width 'breath_led_and_led_test:u3|seg_scan:u2|div_count[10]'
Slack : -1.000
TNS   : -1.000

------------------------------------------------------------
